Archive member included to satisfy reference by file (symbol)

f:/stm32_ide/stm32cubeide_1.10.1/stm32cubeide/plugins/com.st.stm32cube.ide.mcu.externaltools.gnu-tools-for-stm32.10.3-2021.10.win32_1.0.0.202111181127/tools/bin/../lib/gcc/arm-none-eabi/10.3.1/../../../../arm-none-eabi/lib/thumb/v7-m/nofp\libc_nano.a(lib_a-errno.o)
                              ./Core/Src/syscalls.o (__errno)
f:/stm32_ide/stm32cubeide_1.10.1/stm32cubeide/plugins/com.st.stm32cube.ide.mcu.externaltools.gnu-tools-for-stm32.10.3-2021.10.win32_1.0.0.202111181127/tools/bin/../lib/gcc/arm-none-eabi/10.3.1/../../../../arm-none-eabi/lib/thumb/v7-m/nofp\libc_nano.a(lib_a-exit.o)
                              f:/stm32_ide/stm32cubeide_1.10.1/stm32cubeide/plugins/com.st.stm32cube.ide.mcu.externaltools.gnu-tools-for-stm32.10.3-2021.10.win32_1.0.0.202111181127/tools/bin/../lib/gcc/arm-none-eabi/10.3.1/../../../../arm-none-eabi/lib/thumb/v7-m/nofp/crt0.o (exit)
f:/stm32_ide/stm32cubeide_1.10.1/stm32cubeide/plugins/com.st.stm32cube.ide.mcu.externaltools.gnu-tools-for-stm32.10.3-2021.10.win32_1.0.0.202111181127/tools/bin/../lib/gcc/arm-none-eabi/10.3.1/../../../../arm-none-eabi/lib/thumb/v7-m/nofp\libc_nano.a(lib_a-impure.o)
                              f:/stm32_ide/stm32cubeide_1.10.1/stm32cubeide/plugins/com.st.stm32cube.ide.mcu.externaltools.gnu-tools-for-stm32.10.3-2021.10.win32_1.0.0.202111181127/tools/bin/../lib/gcc/arm-none-eabi/10.3.1/../../../../arm-none-eabi/lib/thumb/v7-m/nofp\libc_nano.a(lib_a-exit.o) (_global_impure_ptr)
f:/stm32_ide/stm32cubeide_1.10.1/stm32cubeide/plugins/com.st.stm32cube.ide.mcu.externaltools.gnu-tools-for-stm32.10.3-2021.10.win32_1.0.0.202111181127/tools/bin/../lib/gcc/arm-none-eabi/10.3.1/../../../../arm-none-eabi/lib/thumb/v7-m/nofp\libc_nano.a(lib_a-init.o)
                              f:/stm32_ide/stm32cubeide_1.10.1/stm32cubeide/plugins/com.st.stm32cube.ide.mcu.externaltools.gnu-tools-for-stm32.10.3-2021.10.win32_1.0.0.202111181127/tools/bin/../lib/gcc/arm-none-eabi/10.3.1/../../../../arm-none-eabi/lib/thumb/v7-m/nofp/crt0.o (__libc_init_array)
f:/stm32_ide/stm32cubeide_1.10.1/stm32cubeide/plugins/com.st.stm32cube.ide.mcu.externaltools.gnu-tools-for-stm32.10.3-2021.10.win32_1.0.0.202111181127/tools/bin/../lib/gcc/arm-none-eabi/10.3.1/../../../../arm-none-eabi/lib/thumb/v7-m/nofp\libc_nano.a(lib_a-memset.o)
                              f:/stm32_ide/stm32cubeide_1.10.1/stm32cubeide/plugins/com.st.stm32cube.ide.mcu.externaltools.gnu-tools-for-stm32.10.3-2021.10.win32_1.0.0.202111181127/tools/bin/../lib/gcc/arm-none-eabi/10.3.1/../../../../arm-none-eabi/lib/thumb/v7-m/nofp/crt0.o (memset)

Discarded input sections

 .text          0x0000000000000000        0x0 f:/stm32_ide/stm32cubeide_1.10.1/stm32cubeide/plugins/com.st.stm32cube.ide.mcu.externaltools.gnu-tools-for-stm32.10.3-2021.10.win32_1.0.0.202111181127/tools/bin/../lib/gcc/arm-none-eabi/10.3.1/thumb/v7-m/nofp/crti.o
 .data          0x0000000000000000        0x0 f:/stm32_ide/stm32cubeide_1.10.1/stm32cubeide/plugins/com.st.stm32cube.ide.mcu.externaltools.gnu-tools-for-stm32.10.3-2021.10.win32_1.0.0.202111181127/tools/bin/../lib/gcc/arm-none-eabi/10.3.1/thumb/v7-m/nofp/crti.o
 .bss           0x0000000000000000        0x0 f:/stm32_ide/stm32cubeide_1.10.1/stm32cubeide/plugins/com.st.stm32cube.ide.mcu.externaltools.gnu-tools-for-stm32.10.3-2021.10.win32_1.0.0.202111181127/tools/bin/../lib/gcc/arm-none-eabi/10.3.1/thumb/v7-m/nofp/crti.o
 .data          0x0000000000000000        0x4 f:/stm32_ide/stm32cubeide_1.10.1/stm32cubeide/plugins/com.st.stm32cube.ide.mcu.externaltools.gnu-tools-for-stm32.10.3-2021.10.win32_1.0.0.202111181127/tools/bin/../lib/gcc/arm-none-eabi/10.3.1/thumb/v7-m/nofp/crtbegin.o
 .rodata        0x0000000000000000       0x24 f:/stm32_ide/stm32cubeide_1.10.1/stm32cubeide/plugins/com.st.stm32cube.ide.mcu.externaltools.gnu-tools-for-stm32.10.3-2021.10.win32_1.0.0.202111181127/tools/bin/../lib/gcc/arm-none-eabi/10.3.1/thumb/v7-m/nofp/crtbegin.o
 .text          0x0000000000000000       0x7c f:/stm32_ide/stm32cubeide_1.10.1/stm32cubeide/plugins/com.st.stm32cube.ide.mcu.externaltools.gnu-tools-for-stm32.10.3-2021.10.win32_1.0.0.202111181127/tools/bin/../lib/gcc/arm-none-eabi/10.3.1/../../../../arm-none-eabi/lib/thumb/v7-m/nofp/crt0.o
 .data          0x0000000000000000        0x0 f:/stm32_ide/stm32cubeide_1.10.1/stm32cubeide/plugins/com.st.stm32cube.ide.mcu.externaltools.gnu-tools-for-stm32.10.3-2021.10.win32_1.0.0.202111181127/tools/bin/../lib/gcc/arm-none-eabi/10.3.1/../../../../arm-none-eabi/lib/thumb/v7-m/nofp/crt0.o
 .bss           0x0000000000000000        0x0 f:/stm32_ide/stm32cubeide_1.10.1/stm32cubeide/plugins/com.st.stm32cube.ide.mcu.externaltools.gnu-tools-for-stm32.10.3-2021.10.win32_1.0.0.202111181127/tools/bin/../lib/gcc/arm-none-eabi/10.3.1/../../../../arm-none-eabi/lib/thumb/v7-m/nofp/crt0.o
[...]
Memory Configuration

Name             Origin             Length             Attributes
RAM              0x0000000020000000 0x0000000000002800 xrw
FLASH            0x0000000008000000 0x0000000000008000 xr
*default*        0x0000000000000000 0xffffffffffffffff

Linker script and memory map

LOAD f:/stm32_ide/stm32cubeide_1.10.1/stm32cubeide/plugins/com.st.stm32cube.ide.mcu.externaltools.gnu-tools-for-stm32.10.3-2021.10.win32_1.0.0.202111181127/tools/bin/../lib/gcc/arm-none-eabi/10.3.1/thumb/v7-m/nofp/crti.o
LOAD f:/stm32_ide/stm32cubeide_1.10.1/stm32cubeide/plugins/com.st.stm32cube.ide.mcu.externaltools.gnu-tools-for-stm32.10.3-2021.10.win32_1.0.0.202111181127/tools/bin/../lib/gcc/arm-none-eabi/10.3.1/thumb/v7-m/nofp/crtbegin.o
LOAD f:/stm32_ide/stm32cubeide_1.10.1/stm32cubeide/plugins/com.st.stm32cube.ide.mcu.externaltools.gnu-tools-for-stm32.10.3-2021.10.win32_1.0.0.202111181127/tools/bin/../lib/gcc/arm-none-eabi/10.3.1/../../../../arm-none-eabi/lib/thumb/v7-m/nofp/crt0.o
LOAD ./Core/Src/fsm_mode.o
LOAD ./Core/Src/global.o
LOAD ./Core/Src/input_reading.o
LOAD ./Core/Src/led_7_seg.o
LOAD ./Core/Src/main.o
LOAD ./Core/Src/stm32f1xx_hal_msp.o
LOAD ./Core/Src/stm32f1xx_it.o
LOAD ./Core/Src/syscalls.o
LOAD ./Core/Src/sysmem.o
LOAD ./Core/Src/system_stm32f1xx.o
LOAD ./Core/Src/timer.o
LOAD ./Core/Src/traffic_led_control.o
LOAD ./Core/Startup/startup_stm32f103c6ux.o
LOAD ./Drivers/STM32F1xx_HAL_Driver/Src/stm32f1xx_hal.o
LOAD ./Drivers/STM32F1xx_HAL_Driver/Src/stm32f1xx_hal_cortex.o
LOAD ./Drivers/STM32F1xx_HAL_Driver/Src/stm32f1xx_hal_dma.o
LOAD ./Drivers/STM32F1xx_HAL_Driver/Src/stm32f1xx_hal_exti.o
LOAD ./Drivers/STM32F1xx_HAL_Driver/Src/stm32f1xx_hal_flash.o
LOAD ./Drivers/STM32F1xx_HAL_Driver/Src/stm32f1xx_hal_flash_ex.o
LOAD ./Drivers/STM32F1xx_HAL_Driver/Src/stm32f1xx_hal_gpio.o
LOAD ./Drivers/STM32F1xx_HAL_Driver/Src/stm32f1xx_hal_gpio_ex.o
LOAD ./Drivers/STM32F1xx_HAL_Driver/Src/stm32f1xx_hal_pwr.o
LOAD ./Drivers/STM32F1xx_HAL_Driver/Src/stm32f1xx_hal_rcc.o
LOAD ./Drivers/STM32F1xx_HAL_Driver/Src/stm32f1xx_hal_rcc_ex.o
LOAD ./Drivers/STM32F1xx_HAL_Driver/Src/stm32f1xx_hal_tim.o
LOAD ./Drivers/STM32F1xx_HAL_Driver/Src/stm32f1xx_hal_tim_ex.o
START GROUP
LOAD f:/stm32_ide/stm32cubeide_1.10.1/stm32cubeide/plugins/com.st.stm32cube.ide.mcu.externaltools.gnu-tools-for-stm32.10.3-2021.10.win32_1.0.0.202111181127/tools/bin/../lib/gcc/arm-none-eabi/10.3.1/../../../../arm-none-eabi/lib/thumb/v7-m/nofp\libc_nano.a
LOAD f:/stm32_ide/stm32cubeide_1.10.1/stm32cubeide/plugins/com.st.stm32cube.ide.mcu.externaltools.gnu-tools-for-stm32.10.3-2021.10.win32_1.0.0.202111181127/tools/bin/../lib/gcc/arm-none-eabi/10.3.1/../../../../arm-none-eabi/lib/thumb/v7-m/nofp\libm.a
END GROUP
START GROUP
LOAD f:/stm32_ide/stm32cubeide_1.10.1/stm32cubeide/plugins/com.st.stm32cube.ide.mcu.externaltools.gnu-tools-for-stm32.10.3-2021.10.win32_1.0.0.202111181127/tools/bin/../lib/gcc/arm-none-eabi/10.3.1/thumb/v7-m/nofp\libgcc.a
LOAD f:/stm32_ide/stm32cubeide_1.10.1/stm32cubeide/plugins/com.st.stm32cube.ide.mcu.externaltools.gnu-tools-for-stm32.10.3-2021.10.win32_1.0.0.202111181127/tools/bin/../lib/gcc/arm-none-eabi/10.3.1/../../../../arm-none-eabi/lib/thumb/v7-m/nofp\libc_nano.a
END GROUP
START GROUP
LOAD f:/stm32_ide/stm32cubeide_1.10.1/stm32cubeide/plugins/com.st.stm32cube.ide.mcu.externaltools.gnu-tools-for-stm32.10.3-2021.10.win32_1.0.0.202111181127/tools/bin/../lib/gcc/arm-none-eabi/10.3.1/thumb/v7-m/nofp\libgcc.a
LOAD f:/stm32_ide/stm32cubeide_1.10.1/stm32cubeide/plugins/com.st.stm32cube.ide.mcu.externaltools.gnu-tools-for-stm32.10.3-2021.10.win32_1.0.0.202111181127/tools/bin/../lib/gcc/arm-none-eabi/10.3.1/../../../../arm-none-eabi/lib/thumb/v7-m/nofp\libc_nano.a
LOAD f:/stm32_ide/stm32cubeide_1.10.1/stm32cubeide/plugins/com.st.stm32cube.ide.mcu.externaltools.gnu-tools-for-stm32.10.3-2021.10.win32_1.0.0.202111181127/tools/bin/../lib/gcc/arm-none-eabi/10.3.1/../../../../arm-none-eabi/lib/thumb/v7-m/nofp\libnosys.a
END GROUP
START GROUP
LOAD f:/stm32_ide/stm32cubeide_1.10.1/stm32cubeide/plugins/com.st.stm32cube.ide.mcu.externaltools.gnu-tools-for-stm32.10.3-2021.10.win32_1.0.0.202111181127/tools/bin/../lib/gcc/arm-none-eabi/10.3.1/thumb/v7-m/nofp\libgcc.a
LOAD f:/stm32_ide/stm32cubeide_1.10.1/stm32cubeide/plugins/com.st.stm32cube.ide.mcu.externaltools.gnu-tools-for-stm32.10.3-2021.10.win32_1.0.0.202111181127/tools/bin/../lib/gcc/arm-none-eabi/10.3.1/../../../../arm-none-eabi/lib/thumb/v7-m/nofp\libc_nano.a
LOAD f:/stm32_ide/stm32cubeide_1.10.1/stm32cubeide/plugins/com.st.stm32cube.ide.mcu.externaltools.gnu-tools-for-stm32.10.3-2021.10.win32_1.0.0.202111181127/tools/bin/../lib/gcc/arm-none-eabi/10.3.1/../../../../arm-none-eabi/lib/thumb/v7-m/nofp\libnosys.a
END GROUP
LOAD f:/stm32_ide/stm32cubeide_1.10.1/stm32cubeide/plugins/com.st.stm32cube.ide.mcu.externaltools.gnu-tools-for-stm32.10.3-2021.10.win32_1.0.0.202111181127/tools/bin/../lib/gcc/arm-none-eabi/10.3.1/thumb/v7-m/nofp/crtend.o
LOAD f:/stm32_ide/stm32cubeide_1.10.1/stm32cubeide/plugins/com.st.stm32cube.ide.mcu.externaltools.gnu-tools-for-stm32.10.3-2021.10.win32_1.0.0.202111181127/tools/bin/../lib/gcc/arm-none-eabi/10.3.1/thumb/v7-m/nofp/crtn.o
                0x0000000020002800                _estack = (ORIGIN (RAM) + LENGTH (RAM))
                0x0000000000000200                _Min_Heap_Size = 0x200
                0x0000000000000400                _Min_Stack_Size = 0x400

.isr_vector     0x0000000008000000      0x10c
                0x0000000008000000                . = ALIGN (0x4)
 *(.isr_vector)
 .isr_vector    0x0000000008000000      0x10c ./Core/Startup/startup_stm32f103c6ux.o
                0x0000000008000000                g_pfnVectors
                0x000000000800010c                . = ALIGN (0x4)

.text           0x000000000800010c     0x2640
                0x000000000800010c                . = ALIGN (0x4)
 *(.text)
 .text          0x000000000800010c       0x40 f:/stm32_ide/stm32cubeide_1.10.1/stm32cubeide/plugins/com.st.stm32cube.ide.mcu.externaltools.gnu-tools-for-stm32.10.3-2021.10.win32_1.0.0.202111181127/tools/bin/../lib/gcc/arm-none-eabi/10.3.1/thumb/v7-m/nofp/crtbegin.o
 *(.text*)
 .text.init_fsm_mode
                0x000000000800014c       0x2c ./Core/Src/fsm_mode.o
                0x000000000800014c                init_fsm_mode
 .text.isLightNormal
                0x0000000008000178       0x20 ./Core/Src/fsm_mode.o
                0x0000000008000178                isLightNormal
 .text.isBlinkRed
                0x0000000008000198       0x20 ./Core/Src/fsm_mode.o
                0x0000000008000198                isBlinkRed
 .text.isBlinkAmber
                0x00000000080001b8       0x20 ./Core/Src/fsm_mode.o
                0x00000000080001b8                isBlinkAmber
 .text.isBlinkGreen
                0x00000000080001d8       0x20 ./Core/Src/fsm_mode.o
                0x00000000080001d8                isBlinkGreen
 .text.fsm_mode
                0x00000000080001f8      0x264 ./Core/Src/fsm_mode.o
                0x00000000080001f8                fsm_mode
 .text.button_reading
                0x000000000800045c       0xd0 ./Core/Src/input_reading.o
                0x000000000800045c                button_reading
 .text.is_button_pressed
                0x000000000800052c       0x48 ./Core/Src/input_reading.o
                0x000000000800052c                is_button_pressed
 .text.Enable7Seg
                0x0000000008000574       0xa4 ./Core/Src/led_7_seg.o
                0x0000000008000574                Enable7Seg
 .text.Display7Seg
                0x0000000008000618      0x12c ./Core/Src/led_7_seg.o
                0x0000000008000618                Display7Seg
 .text.UpdateLed7SegBuffer
                0x0000000008000744       0x84 ./Core/Src/led_7_seg.o
                0x0000000008000744                UpdateLed7SegBuffer
 .text.Update7Seg
                0x00000000080007c8       0x30 ./Core/Src/led_7_seg.o
                0x00000000080007c8                Update7Seg
 .text.main     0x00000000080007f8       0xe0 ./Core/Src/main.o
                0x00000000080007f8                main
 .text.SystemClock_Config
                0x00000000080008d8       0x76 ./Core/Src/main.o
                0x00000000080008d8                SystemClock_Config
 *fill*         0x000000000800094e        0x2 
 .text.MX_TIM2_Init
                0x0000000008000950       0x98 ./Core/Src/main.o
 .text.MX_GPIO_Init
                0x00000000080009e8       0xc4 ./Core/Src/main.o
 .text.Error_Handler
                0x0000000008000aac        0xa ./Core/Src/main.o
                0x0000000008000aac                Error_Handler
 *fill*         0x0000000008000ab6        0x2 
 .text.HAL_MspInit
                0x0000000008000ab8       0x44 ./Core/Src/stm32f1xx_hal_msp.o
                0x0000000008000ab8                HAL_MspInit
 .text.HAL_TIM_Base_MspInit
                0x0000000008000afc       0x48 ./Core/Src/stm32f1xx_hal_msp.o
                0x0000000008000afc                HAL_TIM_Base_MspInit
 .text.NMI_Handler
                0x0000000008000b44        0x6 ./Core/Src/stm32f1xx_it.o
                0x0000000008000b44                NMI_Handler
 .text.HardFault_Handler
                0x0000000008000b4a        0x6 ./Core/Src/stm32f1xx_it.o
                0x0000000008000b4a                HardFault_Handler
 .text.MemManage_Handler
                0x0000000008000b50        0x6 ./Core/Src/stm32f1xx_it.o
                0x0000000008000b50                MemManage_Handler
 .text.BusFault_Handler
                0x0000000008000b56        0x6 ./Core/Src/stm32f1xx_it.o
                0x0000000008000b56                BusFault_Handler
 .text.UsageFault_Handler
                0x0000000008000b5c        0x6 ./Core/Src/stm32f1xx_it.o
                0x0000000008000b5c                UsageFault_Handler
 .text.SVC_Handler
                0x0000000008000b62        0xc ./Core/Src/stm32f1xx_it.o
                0x0000000008000b62                SVC_Handler
 .text.DebugMon_Handler
                0x0000000008000b6e        0xc ./Core/Src/stm32f1xx_it.o
                0x0000000008000b6e                DebugMon_Handler
 .text.PendSV_Handler
                0x0000000008000b7a        0xc ./Core/Src/stm32f1xx_it.o
                0x0000000008000b7a                PendSV_Handler
 .text.SysTick_Handler
                0x0000000008000b86        0xc ./Core/Src/stm32f1xx_it.o
                0x0000000008000b86                SysTick_Handler
 *fill*         0x0000000008000b92        0x2 
 .text.TIM2_IRQHandler
                0x0000000008000b94       0x14 ./Core/Src/stm32f1xx_it.o
                0x0000000008000b94                TIM2_IRQHandler
 .text.SystemInit
                0x0000000008000ba8        0xc ./Core/Src/system_stm32f1xx.o
                0x0000000008000ba8                SystemInit
 .text.SetTimer_0
                0x0000000008000bb4       0x38 ./Core/Src/timer.o
                0x0000000008000bb4                SetTimer_0
 .text.SetTimer_1
                0x0000000008000bec       0x38 ./Core/Src/timer.o
                0x0000000008000bec                SetTimer_1
 .text.SetTimer_2
                0x0000000008000c24       0x38 ./Core/Src/timer.o
                0x0000000008000c24                SetTimer_2
 .text.SetTimer_3
                0x0000000008000c5c       0x38 ./Core/Src/timer.o
                0x0000000008000c5c                SetTimer_3
 .text.RunSoftwareTimer
                0x0000000008000c94       0xb4 ./Core/Src/timer.o
                0x0000000008000c94                RunSoftwareTimer
 .text.FlagTimer_0
                0x0000000008000d48       0x14 ./Core/Src/timer.o
                0x0000000008000d48                FlagTimer_0
 .text.FlagTimer_1
                0x0000000008000d5c       0x14 ./Core/Src/timer.o
                0x0000000008000d5c                FlagTimer_1
 .text.FlagTimer_2
                0x0000000008000d70       0x14 ./Core/Src/timer.o
                0x0000000008000d70                FlagTimer_2
 .text.FlagTimer_3
                0x0000000008000d84       0x14 ./Core/Src/timer.o
                0x0000000008000d84                FlagTimer_3
 .text.HAL_TIM_PeriodElapsedCallback
                0x0000000008000d98       0x22 ./Core/Src/timer.o
                0x0000000008000d98                HAL_TIM_PeriodElapsedCallback
 *fill*         0x0000000008000dba        0x2 
 .text.LightOff
                0x0000000008000dbc       0x18 ./Core/Src/traffic_led_control.o
                0x0000000008000dbc                LightOff
 .text.Blink_Red
                0x0000000008000dd4       0x18 ./Core/Src/traffic_led_control.o
                0x0000000008000dd4                Blink_Red
 .text.Blink_Amber
                0x0000000008000dec       0x18 ./Core/Src/traffic_led_control.o
                0x0000000008000dec                Blink_Amber
 .text.Blink_Green
                0x0000000008000e04       0x18 ./Core/Src/traffic_led_control.o
                0x0000000008000e04                Blink_Green
 .text.Reset_Light
                0x0000000008000e1c       0x34 ./Core/Src/traffic_led_control.o
                0x0000000008000e1c                Reset_Light
 .text.Traffic_Light_0
                0x0000000008000e50       0xec ./Core/Src/traffic_led_control.o
                0x0000000008000e50                Traffic_Light_0
 .text.Traffic_Light_1
                0x0000000008000f3c       0xec ./Core/Src/traffic_led_control.o
                0x0000000008000f3c                Traffic_Light_1
 .text.Traffic_Light_Run
                0x0000000008001028       0x68 ./Core/Src/traffic_led_control.o
                0x0000000008001028                Traffic_Light_Run
 .text.Reset_Handler
                0x0000000008001090       0x48 ./Core/Startup/startup_stm32f103c6ux.o
                0x0000000008001090                Reset_Handler
 .text.Default_Handler
                0x00000000080010d8        0x2 ./Core/Startup/startup_stm32f103c6ux.o
                0x00000000080010d8                RTC_Alarm_IRQHandler
                0x00000000080010d8                EXTI2_IRQHandler
                0x00000000080010d8                TIM1_CC_IRQHandler
                0x00000000080010d8                PVD_IRQHandler
                0x00000000080010d8                EXTI3_IRQHandler
                0x00000000080010d8                EXTI0_IRQHandler
                0x00000000080010d8                ADC1_2_IRQHandler
                0x00000000080010d8                SPI1_IRQHandler
                0x00000000080010d8                TAMPER_IRQHandler
                0x00000000080010d8                DMA1_Channel4_IRQHandler
                0x00000000080010d8                RTC_IRQHandler
                0x00000000080010d8                DMA1_Channel7_IRQHandler
                0x00000000080010d8                CAN1_RX1_IRQHandler
                0x00000000080010d8                I2C1_EV_IRQHandler
                0x00000000080010d8                DMA1_Channel6_IRQHandler
                0x00000000080010d8                TIM3_IRQHandler
                0x00000000080010d8                RCC_IRQHandler
                0x00000000080010d8                TIM1_TRG_COM_IRQHandler
                0x00000000080010d8                DMA1_Channel1_IRQHandler
                0x00000000080010d8                Default_Handler
                0x00000000080010d8                EXTI15_10_IRQHandler
                0x00000000080010d8                EXTI9_5_IRQHandler
                0x00000000080010d8                DMA1_Channel5_IRQHandler
                0x00000000080010d8                EXTI4_IRQHandler
                0x00000000080010d8                USB_LP_CAN1_RX0_IRQHandler
                0x00000000080010d8                USB_HP_CAN1_TX_IRQHandler
                0x00000000080010d8                DMA1_Channel3_IRQHandler
                0x00000000080010d8                TIM1_UP_IRQHandler
                0x00000000080010d8                WWDG_IRQHandler
                0x00000000080010d8                TIM1_BRK_IRQHandler
                0x00000000080010d8                EXTI1_IRQHandler
                0x00000000080010d8                USART2_IRQHandler
                0x00000000080010d8                DMA1_Channel2_IRQHandler
                0x00000000080010d8                CAN1_SCE_IRQHandler
                0x00000000080010d8                FLASH_IRQHandler
                0x00000000080010d8                USART1_IRQHandler
                0x00000000080010d8                I2C1_ER_IRQHandler
                0x00000000080010d8                USBWakeUp_IRQHandler
 *fill*         0x00000000080010da        0x2 
 .text.HAL_Init
                0x00000000080010dc       0x2c ./Drivers/STM32F1xx_HAL_Driver/Src/stm32f1xx_hal.o
                0x00000000080010dc                HAL_Init
 .text.HAL_InitTick
                0x0000000008001108       0x60 ./Drivers/STM32F1xx_HAL_Driver/Src/stm32f1xx_hal.o
                0x0000000008001108                HAL_InitTick
 .text.HAL_IncTick
                0x0000000008001168       0x24 ./Drivers/STM32F1xx_HAL_Driver/Src/stm32f1xx_hal.o
                0x0000000008001168                HAL_IncTick
 .text.HAL_GetTick
                0x000000000800118c       0x14 ./Drivers/STM32F1xx_HAL_Driver/Src/stm32f1xx_hal.o
                0x000000000800118c                HAL_GetTick
 .text.__NVIC_SetPriorityGrouping
                0x00000000080011a0       0x48 ./Drivers/STM32F1xx_HAL_Driver/Src/stm32f1xx_hal_cortex.o
 .text.__NVIC_GetPriorityGrouping
                0x00000000080011e8       0x1c ./Drivers/STM32F1xx_HAL_Driver/Src/stm32f1xx_hal_cortex.o
 .text.__NVIC_EnableIRQ
                0x0000000008001204       0x38 ./Drivers/STM32F1xx_HAL_Driver/Src/stm32f1xx_hal_cortex.o
 .text.__NVIC_SetPriority
                0x000000000800123c       0x54 ./Drivers/STM32F1xx_HAL_Driver/Src/stm32f1xx_hal_cortex.o
 .text.NVIC_EncodePriority
                0x0000000008001290       0x64 ./Drivers/STM32F1xx_HAL_Driver/Src/stm32f1xx_hal_cortex.o
 .text.SysTick_Config
                0x00000000080012f4       0x44 ./Drivers/STM32F1xx_HAL_Driver/Src/stm32f1xx_hal_cortex.o
 .text.HAL_NVIC_SetPriorityGrouping
                0x0000000008001338       0x16 ./Drivers/STM32F1xx_HAL_Driver/Src/stm32f1xx_hal_cortex.o
                0x0000000008001338                HAL_NVIC_SetPriorityGrouping
 .text.HAL_NVIC_SetPriority
                0x000000000800134e       0x38 ./Drivers/STM32F1xx_HAL_Driver/Src/stm32f1xx_hal_cortex.o
                0x000000000800134e                HAL_NVIC_SetPriority
 .text.HAL_NVIC_EnableIRQ
                0x0000000008001386       0x1c ./Drivers/STM32F1xx_HAL_Driver/Src/stm32f1xx_hal_cortex.o
                0x0000000008001386                HAL_NVIC_EnableIRQ
 .text.HAL_SYSTICK_Config
                0x00000000080013a2       0x18 ./Drivers/STM32F1xx_HAL_Driver/Src/stm32f1xx_hal_cortex.o
                0x00000000080013a2                HAL_SYSTICK_Config
 *fill*         0x00000000080013ba        0x2 
 .text.HAL_GPIO_Init
                0x00000000080013bc      0x2f8 ./Drivers/STM32F1xx_HAL_Driver/Src/stm32f1xx_hal_gpio.o
                0x00000000080013bc                HAL_GPIO_Init
 .text.HAL_GPIO_ReadPin
                0x00000000080016b4       0x2e ./Drivers/STM32F1xx_HAL_Driver/Src/stm32f1xx_hal_gpio.o
                0x00000000080016b4                HAL_GPIO_ReadPin
 .text.HAL_GPIO_WritePin
                0x00000000080016e2       0x30 ./Drivers/STM32F1xx_HAL_Driver/Src/stm32f1xx_hal_gpio.o
                0x00000000080016e2                HAL_GPIO_WritePin
 .text.HAL_GPIO_TogglePin
                0x0000000008001712       0x32 ./Drivers/STM32F1xx_HAL_Driver/Src/stm32f1xx_hal_gpio.o
                0x0000000008001712                HAL_GPIO_TogglePin
 .text.HAL_RCC_OscConfig
                0x0000000008001744      0x504 ./Drivers/STM32F1xx_HAL_Driver/Src/stm32f1xx_hal_rcc.o
                0x0000000008001744                HAL_RCC_OscConfig
 .text.HAL_RCC_ClockConfig
                0x0000000008001c48      0x1d4 ./Drivers/STM32F1xx_HAL_Driver/Src/stm32f1xx_hal_rcc.o
                0x0000000008001c48                HAL_RCC_ClockConfig
 .text.HAL_RCC_GetSysClockFreq
                0x0000000008001e1c       0xbc ./Drivers/STM32F1xx_HAL_Driver/Src/stm32f1xx_hal_rcc.o
                0x0000000008001e1c                HAL_RCC_GetSysClockFreq
 .text.RCC_Delay
                0x0000000008001ed8       0x3c ./Drivers/STM32F1xx_HAL_Driver/Src/stm32f1xx_hal_rcc.o
 .text.HAL_TIM_Base_Init
                0x0000000008001f14       0x9e ./Drivers/STM32F1xx_HAL_Driver/Src/stm32f1xx_hal_tim.o
                0x0000000008001f14                HAL_TIM_Base_Init
 *fill*         0x0000000008001fb2        0x2 
 .text.HAL_TIM_Base_Start_IT
                0x0000000008001fb4       0x98 ./Drivers/STM32F1xx_HAL_Driver/Src/stm32f1xx_hal_tim.o
                0x0000000008001fb4                HAL_TIM_Base_Start_IT
 .text.HAL_TIM_IRQHandler
                0x000000000800204c      0x210 ./Drivers/STM32F1xx_HAL_Driver/Src/stm32f1xx_hal_tim.o
                0x000000000800204c                HAL_TIM_IRQHandler
 .text.HAL_TIM_ConfigClockSource
                0x000000000800225c      0x188 ./Drivers/STM32F1xx_HAL_Driver/Src/stm32f1xx_hal_tim.o
                0x000000000800225c                HAL_TIM_ConfigClockSource
 .text.HAL_TIM_OC_DelayElapsedCallback
                0x00000000080023e4       0x12 ./Drivers/STM32F1xx_HAL_Driver/Src/stm32f1xx_hal_tim.o
                0x00000000080023e4                HAL_TIM_OC_DelayElapsedCallback
 .text.HAL_TIM_IC_CaptureCallback
                0x00000000080023f6       0x12 ./Drivers/STM32F1xx_HAL_Driver/Src/stm32f1xx_hal_tim.o
                0x00000000080023f6                HAL_TIM_IC_CaptureCallback
 .text.HAL_TIM_PWM_PulseFinishedCallback
                0x0000000008002408       0x12 ./Drivers/STM32F1xx_HAL_Driver/Src/stm32f1xx_hal_tim.o
                0x0000000008002408                HAL_TIM_PWM_PulseFinishedCallback
 .text.HAL_TIM_TriggerCallback
                0x000000000800241a       0x12 ./Drivers/STM32F1xx_HAL_Driver/Src/stm32f1xx_hal_tim.o
                0x000000000800241a                HAL_TIM_TriggerCallback
 .text.TIM_Base_SetConfig
                0x000000000800242c       0xb0 ./Drivers/STM32F1xx_HAL_Driver/Src/stm32f1xx_hal_tim.o
                0x000000000800242c                TIM_Base_SetConfig
 .text.TIM_TI1_ConfigInputStage
                0x00000000080024dc       0x5c ./Drivers/STM32F1xx_HAL_Driver/Src/stm32f1xx_hal_tim.o
 .text.TIM_TI2_ConfigInputStage
                0x0000000008002538       0x5e ./Drivers/STM32F1xx_HAL_Driver/Src/stm32f1xx_hal_tim.o
 .text.TIM_ITRx_SetConfig
                0x0000000008002596       0x34 ./Drivers/STM32F1xx_HAL_Driver/Src/stm32f1xx_hal_tim.o
 .text.TIM_ETR_SetConfig
                0x00000000080025ca       0x3e ./Drivers/STM32F1xx_HAL_Driver/Src/stm32f1xx_hal_tim.o
                0x00000000080025ca                TIM_ETR_SetConfig
 .text.HAL_TIMEx_MasterConfigSynchronization
                0x0000000008002608       0xb0 ./Drivers/STM32F1xx_HAL_Driver/Src/stm32f1xx_hal_tim_ex.o
                0x0000000008002608                HAL_TIMEx_MasterConfigSynchronization
 .text.HAL_TIMEx_CommutCallback
                0x00000000080026b8       0x12 ./Drivers/STM32F1xx_HAL_Driver/Src/stm32f1xx_hal_tim_ex.o
                0x00000000080026b8                HAL_TIMEx_CommutCallback
 .text.HAL_TIMEx_BreakCallback
                0x00000000080026ca       0x12 ./Drivers/STM32F1xx_HAL_Driver/Src/stm32f1xx_hal_tim_ex.o
                0x00000000080026ca                HAL_TIMEx_BreakCallback
 .text.__libc_init_array
                0x00000000080026dc       0x48 f:/stm32_ide/stm32cubeide_1.10.1/stm32cubeide/plugins/com.st.stm32cube.ide.mcu.externaltools.gnu-tools-for-stm32.10.3-2021.10.win32_1.0.0.202111181127/tools/bin/../lib/gcc/arm-none-eabi/10.3.1/../../../../arm-none-eabi/lib/thumb/v7-m/nofp\libc_nano.a(lib_a-init.o)
                0x00000000080026dc                __libc_init_array
 .text.memset   0x0000000008002724       0x10 f:/stm32_ide/stm32cubeide_1.10.1/stm32cubeide/plugins/com.st.stm32cube.ide.mcu.externaltools.gnu-tools-for-stm32.10.3-2021.10.win32_1.0.0.202111181127/tools/bin/../lib/gcc/arm-none-eabi/10.3.1/../../../../arm-none-eabi/lib/thumb/v7-m/nofp\libc_nano.a(lib_a-memset.o)
                0x0000000008002724                memset
 *(.glue_7)
 .glue_7        0x0000000008002734        0x0 linker stubs
 *(.glue_7t)
 .glue_7t       0x0000000008002734        0x0 linker stubs
 *(.eh_frame)
 .eh_frame      0x0000000008002734        0x0 f:/stm32_ide/stm32cubeide_1.10.1/stm32cubeide/plugins/com.st.stm32cube.ide.mcu.externaltools.gnu-tools-for-stm32.10.3-2021.10.win32_1.0.0.202111181127/tools/bin/../lib/gcc/arm-none-eabi/10.3.1/thumb/v7-m/nofp/crtbegin.o
 *(.init)
 .init          0x0000000008002734        0x4 f:/stm32_ide/stm32cubeide_1.10.1/stm32cubeide/plugins/com.st.stm32cube.ide.mcu.externaltools.gnu-tools-for-stm32.10.3-2021.10.win32_1.0.0.202111181127/tools/bin/../lib/gcc/arm-none-eabi/10.3.1/thumb/v7-m/nofp/crti.o
                0x0000000008002734                _init
 .init          0x0000000008002738        0x8 f:/stm32_ide/stm32cubeide_1.10.1/stm32cubeide/plugins/com.st.stm32cube.ide.mcu.externaltools.gnu-tools-for-stm32.10.3-2021.10.win32_1.0.0.202111181127/tools/bin/../lib/gcc/arm-none-eabi/10.3.1/thumb/v7-m/nofp/crtn.o
 *(.fini)
 .fini          0x0000000008002740        0x4 f:/stm32_ide/stm32cubeide_1.10.1/stm32cubeide/plugins/com.st.stm32cube.ide.mcu.externaltools.gnu-tools-for-stm32.10.3-2021.10.win32_1.0.0.202111181127/tools/bin/../lib/gcc/arm-none-eabi/10.3.1/thumb/v7-m/nofp/crti.o
                0x0000000008002740                _fini
 .fini          0x0000000008002744        0x8 f:/stm32_ide/stm32cubeide_1.10.1/stm32cubeide/plugins/com.st.stm32cube.ide.mcu.externaltools.gnu-tools-for-stm32.10.3-2021.10.win32_1.0.0.202111181127/tools/bin/../lib/gcc/arm-none-eabi/10.3.1/thumb/v7-m/nofp/crtn.o
                0x000000000800274c                . = ALIGN (0x4)
                0x000000000800274c                _etext = .

.vfp11_veneer   0x000000000800274c        0x0
 .vfp11_veneer  0x000000000800274c        0x0 linker stubs

.v4_bx          0x000000000800274c        0x0
 .v4_bx         0x000000000800274c        0x0 linker stubs

.iplt           0x000000000800274c        0x0
 .iplt          0x000000000800274c        0x0 f:/stm32_ide/stm32cubeide_1.10.1/stm32cubeide/plugins/com.st.stm32cube.ide.mcu.externaltools.gnu-tools-for-stm32.10.3-2021.10.win32_1.0.0.202111181127/tools/bin/../lib/gcc/arm-none-eabi/10.3.1/thumb/v7-m/nofp/crtbegin.o

.rodata         0x000000000800274c       0x20
                0x000000000800274c                . = ALIGN (0x4)
 *(.rodata)
 .rodata        0x000000000800274c       0x10 ./Drivers/STM32F1xx_HAL_Driver/Src/stm32f1xx_hal_rcc.o
 *(.rodata*)
 .rodata.AHBPrescTable
                0x000000000800275c       0x10 ./Core/Src/system_stm32f1xx.o
                0x000000000800275c                AHBPrescTable
                0x000000000800276c                . = ALIGN (0x4)

.rel.dyn        0x000000000800276c        0x0
 .rel.iplt      0x000000000800276c        0x0 f:/stm32_ide/stm32cubeide_1.10.1/stm32cubeide/plugins/com.st.stm32cube.ide.mcu.externaltools.gnu-tools-for-stm32.10.3-2021.10.win32_1.0.0.202111181127/tools/bin/../lib/gcc/arm-none-eabi/10.3.1/thumb/v7-m/nofp/crtbegin.o

.ARM.extab      0x000000000800276c        0x0
                0x000000000800276c                . = ALIGN (0x4)
 *(.ARM.extab* .gnu.linkonce.armextab.*)
                0x000000000800276c                . = ALIGN (0x4)

.ARM            0x000000000800276c        0x0
                0x000000000800276c                . = ALIGN (0x4)
                0x000000000800276c                __exidx_start = .
 *(.ARM.exidx*)
                0x000000000800276c                __exidx_end = .
                0x000000000800276c                . = ALIGN (0x4)

.preinit_array  0x000000000800276c        0x0
                0x000000000800276c                . = ALIGN (0x4)
                0x000000000800276c                PROVIDE (__preinit_array_start = .)
 *(.preinit_array*)
                0x000000000800276c                PROVIDE (__preinit_array_end = .)
                0x000000000800276c                . = ALIGN (0x4)

.init_array     0x000000000800276c        0x4
                0x000000000800276c                . = ALIGN (0x4)
                0x000000000800276c                PROVIDE (__init_array_start = .)
 *(SORT_BY_NAME(.init_array.*))
 *(.init_array*)
 .init_array    0x000000000800276c        0x4 f:/stm32_ide/stm32cubeide_1.10.1/stm32cubeide/plugins/com.st.stm32cube.ide.mcu.externaltools.gnu-tools-for-stm32.10.3-2021.10.win32_1.0.0.202111181127/tools/bin/../lib/gcc/arm-none-eabi/10.3.1/thumb/v7-m/nofp/crtbegin.o
                0x0000000008002770                PROVIDE (__init_array_end = .)
                0x0000000008002770                . = ALIGN (0x4)

.fini_array     0x0000000008002770        0x4
                0x0000000008002770                . = ALIGN (0x4)
                [!provide]                        PROVIDE (__fini_array_start = .)
 *(SORT_BY_NAME(.fini_array.*))
 *(.fini_array*)
 .fini_array    0x0000000008002770        0x4 f:/stm32_ide/stm32cubeide_1.10.1/stm32cubeide/plugins/com.st.stm32cube.ide.mcu.externaltools.gnu-tools-for-stm32.10.3-2021.10.win32_1.0.0.202111181127/tools/bin/../lib/gcc/arm-none-eabi/10.3.1/thumb/v7-m/nofp/crtbegin.o
                [!provide]                        PROVIDE (__fini_array_end = .)
                0x0000000008002774                . = ALIGN (0x4)
                0x0000000008002774                _sidata = LOADADDR (.data)

.data           0x0000000020000000       0x2c load address 0x0000000008002774
                0x0000000020000000                . = ALIGN (0x4)
                0x0000000020000000                _sdata = .
 *(.data)
 *(.data*)
 .data.TIME_RED
                0x0000000020000000        0x1 ./Core/Src/global.o
                0x0000000020000000                TIME_RED
 .data.TIME_AMBER
                0x0000000020000001        0x1 ./Core/Src/global.o
                0x0000000020000001                TIME_AMBER
 .data.TIME_GREEN
                0x0000000020000002        0x1 ./Core/Src/global.o
                0x0000000020000002                TIME_GREEN
 *fill*         0x0000000020000003        0x1 
 .data.buttonPin
                0x0000000020000004        0x6 ./Core/Src/input_reading.o
                0x0000000020000004                buttonPin
 *fill*         0x000000002000000a        0x2 
 .data.buttonPort
                0x000000002000000c        0xc ./Core/Src/input_reading.o
                0x000000002000000c                buttonPort
 .data.buttonBuffer
                0x0000000020000018        0x3 ./Core/Src/input_reading.o
 *fill*         0x000000002000001b        0x1 
 .data.SystemCoreClock
                0x000000002000001c        0x4 ./Core/Src/system_stm32f1xx.o
                0x000000002000001c                SystemCoreClock
 .data.TIME_CYCLE
                0x0000000020000020        0x2 ./Core/Src/timer.o
 *fill*         0x0000000020000022        0x2 
 .data.uwTickPrio
                0x0000000020000024        0x4 ./Drivers/STM32F1xx_HAL_Driver/Src/stm32f1xx_hal.o
                0x0000000020000024                uwTickPrio
 .data.uwTickFreq
                0x0000000020000028        0x1 ./Drivers/STM32F1xx_HAL_Driver/Src/stm32f1xx_hal.o
                0x0000000020000028                uwTickFreq
 *(.RamFunc)
 *(.RamFunc*)
                0x000000002000002c                . = ALIGN (0x4)
 *fill*         0x0000000020000029        0x3 
                0x000000002000002c                _edata = .

.igot.plt       0x000000002000002c        0x0 load address 0x00000000080027a0
 .igot.plt      0x000000002000002c        0x0 f:/stm32_ide/stm32cubeide_1.10.1/stm32cubeide/plugins/com.st.stm32cube.ide.mcu.externaltools.gnu-tools-for-stm32.10.3-2021.10.win32_1.0.0.202111181127/tools/bin/../lib/gcc/arm-none-eabi/10.3.1/thumb/v7-m/nofp/crtbegin.o
                0x000000002000002c                . = ALIGN (0x4)

.bss            0x000000002000002c       0x90 load address 0x00000000080027a0
                0x000000002000002c                _sbss = .
                0x000000002000002c                __bss_start__ = _sbss
 *(.bss)
 .bss           0x000000002000002c       0x1c f:/stm32_ide/stm32cubeide_1.10.1/stm32cubeide/plugins/com.st.stm32cube.ide.mcu.externaltools.gnu-tools-for-stm32.10.3-2021.10.win32_1.0.0.202111181127/tools/bin/../lib/gcc/arm-none-eabi/10.3.1/thumb/v7-m/nofp/crtbegin.o
 *(.bss*)
 .bss.lightMode
                0x0000000020000048        0x1 ./Core/Src/fsm_mode.o
                0x0000000020000048                lightMode
 .bss.mode      0x0000000020000049        0x1 ./Core/Src/fsm_mode.o
                0x0000000020000049                mode
 .bss.counter_TIME
                0x000000002000004a        0x1 ./Core/Src/fsm_mode.o
                0x000000002000004a                counter_TIME
 *fill*         0x000000002000004b        0x1 
 .bss.debounceButtonBuffer1
                0x000000002000004c        0x3 ./Core/Src/input_reading.o
 *fill*         0x000000002000004f        0x1 
 .bss.debounceButtonBuffer2
                0x0000000020000050        0x3 ./Core/Src/input_reading.o
 *fill*         0x0000000020000053        0x1 
 .bss.flagForButtonPress1s
                0x0000000020000054        0x3 ./Core/Src/input_reading.o
 *fill*         0x0000000020000057        0x1 
 .bss.counterForButtonPress1s
                0x0000000020000058        0x6 ./Core/Src/input_reading.o
 *fill*         0x000000002000005e        0x2 
 .bss.led7SegBuffer
                0x0000000020000060        0x4 ./Core/Src/led_7_seg.o
 .bss.htim2     0x0000000020000064       0x48 ./Core/Src/main.o
                0x0000000020000064                htim2
 .bss.flag_timer_0
                0x00000000200000ac        0x1 ./Core/Src/timer.o
 .bss.counter_timer_0
                0x00000000200000ad        0x1 ./Core/Src/timer.o
 .bss.flag_timer_1
                0x00000000200000ae        0x1 ./Core/Src/timer.o
 .bss.counter_timer_1
                0x00000000200000af        0x1 ./Core/Src/timer.o
 .bss.flag_timer_2
                0x00000000200000b0        0x1 ./Core/Src/timer.o
 .bss.counter_timer_2
                0x00000000200000b1        0x1 ./Core/Src/timer.o
 .bss.flag_timer_3
                0x00000000200000b2        0x1 ./Core/Src/timer.o
 .bss.counter_timer_3
                0x00000000200000b3        0x1 ./Core/Src/timer.o
 .bss.state_light_0
                0x00000000200000b4        0x1 ./Core/Src/traffic_led_control.o
                0x00000000200000b4                state_light_0
 .bss.state_light_1
                0x00000000200000b5        0x1 ./Core/Src/traffic_led_control.o
                0x00000000200000b5                state_light_1
 .bss.timeLight_0
                0x00000000200000b6        0x1 ./Core/Src/traffic_led_control.o
 .bss.timeLight_1
                0x00000000200000b7        0x1 ./Core/Src/traffic_led_control.o
 .bss.uwTick    0x00000000200000b8        0x4 ./Drivers/STM32F1xx_HAL_Driver/Src/stm32f1xx_hal.o
                0x00000000200000b8                uwTick
 *(COMMON)
                0x00000000200000bc                . = ALIGN (0x4)
                0x00000000200000bc                _ebss = .
                0x00000000200000bc                __bss_end__ = _ebss

._user_heap_stack
                0x00000000200000bc      0x604 load address 0x00000000080027a0
                0x00000000200000c0                . = ALIGN (0x8)
 *fill*         0x00000000200000bc        0x4 
                [!provide]                        PROVIDE (end = .)
                0x00000000200000c0                PROVIDE (_end = .)
                0x00000000200002c0                . = (. + _Min_Heap_Size)
 *fill*         0x00000000200000c0      0x200 
                0x00000000200006c0                . = (. + _Min_Stack_Size)
 *fill*         0x00000000200002c0      0x400 
                0x00000000200006c0                . = ALIGN (0x8)

/DISCARD/
 libc.a(*)
 libm.a(*)
 libgcc.a(*)

.ARM.attributes
                0x0000000000000000       0x29
 *(.ARM.attributes)
 .ARM.attributes
                0x0000000000000000       0x1d f:/stm32_ide/stm32cubeide_1.10.1/stm32cubeide/plugins/com.st.stm32cube.ide.mcu.externaltools.gnu-tools-for-stm32.10.3-2021.10.win32_1.0.0.202111181127/tools/bin/../lib/gcc/arm-none-eabi/10.3.1/thumb/v7-m/nofp/crti.o
 .ARM.attributes
                0x000000000000001d       0x2d f:/stm32_ide/stm32cubeide_1.10.1/stm32cubeide/plugins/com.st.stm32cube.ide.mcu.externaltools.gnu-tools-for-stm32.10.3-2021.10.win32_1.0.0.202111181127/tools/bin/../lib/gcc/arm-none-eabi/10.3.1/thumb/v7-m/nofp/crtbegin.o
 .ARM.attributes
                0x000000000000004a       0x2d ./Core/Src/fsm_mode.o
 .ARM.attributes
                0x0000000000000077       0x2d ./Core/Src/global.o
 .ARM.attributes
                0x00000000000000a4       0x2d ./Core/Src/input_reading.o
 .ARM.attributes
                0x00000000000000d1       0x2d ./Core/Src/led_7_seg.o
 .ARM.attributes
                0x00000000000000fe       0x2d ./Core/Src/main.o
 .ARM.attributes
                0x000000000000012b       0x2d ./Core/Src/stm32f1xx_hal_msp.o
 .ARM.attributes
                0x0000000000000158       0x2d ./Core/Src/stm32f1xx_it.o
 .ARM.attributes
                0x0000000000000185       0x2d ./Core/Src/system_stm32f1xx.o
 .ARM.attributes
                0x00000000000001b2       0x2d ./Core/Src/timer.o
 .ARM.attributes
                0x00000000000001df       0x2d ./Core/Src/traffic_led_control.o
 .ARM.attributes
                0x000000000000020c       0x21 ./Core/Startup/startup_stm32f103c6ux.o
 .ARM.attributes
                0x000000000000022d       0x2d ./Drivers/STM32F1xx_HAL_Driver/Src/stm32f1xx_hal.o
 .ARM.attributes
                0x000000000000025a       0x2d ./Drivers/STM32F1xx_HAL_Driver/Src/stm32f1xx_hal_cortex.o
 .ARM.attributes
                0x0000000000000287       0x2d ./Drivers/STM32F1xx_HAL_Driver/Src/stm32f1xx_hal_gpio.o
 .ARM.attributes
                0x00000000000002b4       0x2d ./Drivers/STM32F1xx_HAL_Driver/Src/stm32f1xx_hal_rcc.o
 .ARM.attributes
                0x00000000000002e1       0x2d ./Drivers/STM32F1xx_HAL_Driver/Src/stm32f1xx_hal_tim.o
 .ARM.attributes
                0x000000000000030e       0x2d ./Drivers/STM32F1xx_HAL_Driver/Src/stm32f1xx_hal_tim_ex.o
 .ARM.attributes
                0x000000000000033b       0x2d f:/stm32_ide/stm32cubeide_1.10.1/stm32cubeide/plugins/com.st.stm32cube.ide.mcu.externaltools.gnu-tools-for-stm32.10.3-2021.10.win32_1.0.0.202111181127/tools/bin/../lib/gcc/arm-none-eabi/10.3.1/../../../../arm-none-eabi/lib/thumb/v7-m/nofp\libc_nano.a(lib_a-init.o)
 .ARM.attributes
                0x0000000000000368       0x2d f:/stm32_ide/stm32cubeide_1.10.1/stm32cubeide/plugins/com.st.stm32cube.ide.mcu.externaltools.gnu-tools-for-stm32.10.3-2021.10.win32_1.0.0.202111181127/tools/bin/../lib/gcc/arm-none-eabi/10.3.1/../../../../arm-none-eabi/lib/thumb/v7-m/nofp\libc_nano.a(lib_a-memset.o)
 .ARM.attributes
                0x0000000000000395       0x1d f:/stm32_ide/stm32cubeide_1.10.1/stm32cubeide/plugins/com.st.stm32cube.ide.mcu.externaltools.gnu-tools-for-stm32.10.3-2021.10.win32_1.0.0.202111181127/tools/bin/../lib/gcc/arm-none-eabi/10.3.1/thumb/v7-m/nofp/crtn.o
OUTPUT(Lab_3.elf elf32-littlearm)
LOAD linker stubs
LOAD f:/stm32_ide/stm32cubeide_1.10.1/stm32cubeide/plugins/com.st.stm32cube.ide.mcu.externaltools.gnu-tools-for-stm32.10.3-2021.10.win32_1.0.0.202111181127/tools/bin/../lib/gcc/arm-none-eabi/10.3.1/../../../../arm-none-eabi/lib/thumb/v7-m/nofp\libc.a
LOAD f:/stm32_ide/stm32cubeide_1.10.1/stm32cubeide/plugins/com.st.stm32cube.ide.mcu.externaltools.gnu-tools-for-stm32.10.3-2021.10.win32_1.0.0.202111181127/tools/bin/../lib/gcc/arm-none-eabi/10.3.1/../../../../arm-none-eabi/lib/thumb/v7-m/nofp\libm.a
LOAD f:/stm32_ide/stm32cubeide_1.10.1/stm32cubeide/plugins/com.st.stm32cube.ide.mcu.externaltools.gnu-tools-for-stm32.10.3-2021.10.win32_1.0.0.202111181127/tools/bin/../lib/gcc/arm-none-eabi/10.3.1/thumb/v7-m/nofp\libgcc.a

.debug_info     0x0000000000000000     0x91da
 .debug_info    0x0000000000000000      0x210 ./Core/Src/fsm_mode.o
 .debug_info    0x0000000000000210       0xce ./Core/Src/global.o
 .debug_info    0x00000000000002de      0x2c2 ./Core/Src/input_reading.o
 .debug_info    0x00000000000005a0      0x267 ./Core/Src/led_7_seg.o
 .debug_info    0x0000000000000807      0xca8 ./Core/Src/main.o
 .debug_info    0x00000000000014af      0x8d7 ./Core/Src/stm32f1xx_hal_msp.o
 .debug_info    0x0000000000001d86      0x6ea ./Core/Src/stm32f1xx_it.o
 .debug_info    0x0000000000002470      0x23d ./Core/Src/system_stm32f1xx.o
 .debug_info    0x00000000000026ad      0x80c ./Core/Src/timer.o
 .debug_info    0x0000000000002eb9      0x381 ./Core/Src/traffic_led_control.o
 .debug_info    0x000000000000323a       0x22 ./Core/Startup/startup_stm32f103c6ux.o
 .debug_info    0x000000000000325c      0x716 ./Drivers/STM32F1xx_HAL_Driver/Src/stm32f1xx_hal.o
 .debug_info    0x0000000000003972      0xb02 ./Drivers/STM32F1xx_HAL_Driver/Src/stm32f1xx_hal_cortex.o
 .debug_info    0x0000000000004474      0x615 ./Drivers/STM32F1xx_HAL_Driver/Src/stm32f1xx_hal_gpio.o
 .debug_info    0x0000000000004a89      0x860 ./Drivers/STM32F1xx_HAL_Driver/Src/stm32f1xx_hal_rcc.o
 .debug_info    0x00000000000052e9     0x29de ./Drivers/STM32F1xx_HAL_Driver/Src/stm32f1xx_hal_tim.o
 .debug_info    0x0000000000007cc7     0x1513 ./Drivers/STM32F1xx_HAL_Driver/Src/stm32f1xx_hal_tim_ex.o

.debug_abbrev   0x0000000000000000     0x1c75
 .debug_abbrev  0x0000000000000000      0x11f ./Core/Src/fsm_mode.o
 .debug_abbrev  0x000000000000011f       0x5a ./Core/Src/global.o
 .debug_abbrev  0x0000000000000179      0x15f ./Core/Src/input_reading.o
 .debug_abbrev  0x00000000000002d8      0x164 ./Core/Src/led_7_seg.o
 .debug_abbrev  0x000000000000043c      0x270 ./Core/Src/main.o
 .debug_abbrev  0x00000000000006ac      0x19f ./Core/Src/stm32f1xx_hal_msp.o
 .debug_abbrev  0x000000000000084b      0x184 ./Core/Src/stm32f1xx_it.o
 .debug_abbrev  0x00000000000009cf      0x13b ./Core/Src/system_stm32f1xx.o
 .debug_abbrev  0x0000000000000b0a      0x1d2 ./Core/Src/timer.o
 .debug_abbrev  0x0000000000000cdc      0x17a ./Core/Src/traffic_led_control.o
 .debug_abbrev  0x0000000000000e56       0x12 ./Core/Startup/startup_stm32f103c6ux.o
 .debug_abbrev  0x0000000000000e68      0x1fb ./Drivers/STM32F1xx_HAL_Driver/Src/stm32f1xx_hal.o
 .debug_abbrev  0x0000000000001063      0x2ed ./Drivers/STM32F1xx_HAL_Driver/Src/stm32f1xx_hal_cortex.o
 .debug_abbrev  0x0000000000001350      0x1bb ./Drivers/STM32F1xx_HAL_Driver/Src/stm32f1xx_hal_gpio.o
 .debug_abbrev  0x000000000000150b      0x2a8 ./Drivers/STM32F1xx_HAL_Driver/Src/stm32f1xx_hal_rcc.o
 .debug_abbrev  0x00000000000017b3      0x25d ./Drivers/STM32F1xx_HAL_Driver/Src/stm32f1xx_hal_tim.o
 .debug_abbrev  0x0000000000001a10      0x265 ./Drivers/STM32F1xx_HAL_Driver/Src/stm32f1xx_hal_tim_ex.o

.debug_aranges  0x0000000000000000      0xac8
 .debug_aranges
                0x0000000000000000       0x48 ./Core/Src/fsm_mode.o
 .debug_aranges
                0x0000000000000048       0x18 ./Core/Src/global.o
 .debug_aranges
                0x0000000000000060       0x30 ./Core/Src/input_reading.o
 .debug_aranges
                0x0000000000000090       0x38 ./Core/Src/led_7_seg.o
 .debug_aranges
                0x00000000000000c8       0x40 ./Core/Src/main.o
 .debug_aranges
                0x0000000000000108       0x30 ./Core/Src/stm32f1xx_hal_msp.o
 .debug_aranges
                0x0000000000000138       0x68 ./Core/Src/stm32f1xx_it.o
 .debug_aranges
                0x00000000000001a0       0x28 ./Core/Src/system_stm32f1xx.o
 .debug_aranges
                0x00000000000001c8       0x68 ./Core/Src/timer.o
 .debug_aranges
                0x0000000000000230       0x70 ./Core/Src/traffic_led_control.o
 .debug_aranges
                0x00000000000002a0       0x28 ./Core/Startup/startup_stm32f103c6ux.o
 .debug_aranges
                0x00000000000002c8       0xe0 ./Drivers/STM32F1xx_HAL_Driver/Src/stm32f1xx_hal.o
 .debug_aranges
                0x00000000000003a8      0x100 ./Drivers/STM32F1xx_HAL_Driver/Src/stm32f1xx_hal_cortex.o
 .debug_aranges
                0x00000000000004a8       0x58 ./Drivers/STM32F1xx_HAL_Driver/Src/stm32f1xx_hal_gpio.o
 .debug_aranges
                0x0000000000000500       0x90 ./Drivers/STM32F1xx_HAL_Driver/Src/stm32f1xx_hal_rcc.o
 .debug_aranges
                0x0000000000000590      0x3d0 ./Drivers/STM32F1xx_HAL_Driver/Src/stm32f1xx_hal_tim.o
 .debug_aranges
                0x0000000000000960      0x168 ./Drivers/STM32F1xx_HAL_Driver/Src/stm32f1xx_hal_tim_ex.o

.debug_ranges   0x0000000000000000      0x9b8
 .debug_ranges  0x0000000000000000       0x38 ./Core/Src/fsm_mode.o
 .debug_ranges  0x0000000000000038       0x20 ./Core/Src/input_reading.o
 .debug_ranges  0x0000000000000058       0x28 ./Core/Src/led_7_seg.o
 .debug_ranges  0x0000000000000080       0x30 ./Core/Src/main.o
 .debug_ranges  0x00000000000000b0       0x20 ./Core/Src/stm32f1xx_hal_msp.o
 .debug_ranges  0x00000000000000d0       0x58 ./Core/Src/stm32f1xx_it.o
 .debug_ranges  0x0000000000000128       0x18 ./Core/Src/system_stm32f1xx.o
 .debug_ranges  0x0000000000000140       0x58 ./Core/Src/timer.o
 .debug_ranges  0x0000000000000198       0x60 ./Core/Src/traffic_led_control.o
 .debug_ranges  0x00000000000001f8       0x20 ./Core/Startup/startup_stm32f103c6ux.o
 .debug_ranges  0x0000000000000218       0xd0 ./Drivers/STM32F1xx_HAL_Driver/Src/stm32f1xx_hal.o
 .debug_ranges  0x00000000000002e8       0xf0 ./Drivers/STM32F1xx_HAL_Driver/Src/stm32f1xx_hal_cortex.o
 .debug_ranges  0x00000000000003d8       0x48 ./Drivers/STM32F1xx_HAL_Driver/Src/stm32f1xx_hal_gpio.o
 .debug_ranges  0x0000000000000420       0x80 ./Drivers/STM32F1xx_HAL_Driver/Src/stm32f1xx_hal_rcc.o
 .debug_ranges  0x00000000000004a0      0x3c0 ./Drivers/STM32F1xx_HAL_Driver/Src/stm32f1xx_hal_tim.o
 .debug_ranges  0x0000000000000860      0x158 ./Drivers/STM32F1xx_HAL_Driver/Src/stm32f1xx_hal_tim_ex.o

.debug_macro    0x0000000000000000    0x16cdd
 .debug_macro   0x0000000000000000      0x1e6 ./Core/Src/fsm_mode.o
 .debug_macro   0x00000000000001e6      0xa6c ./Core/Src/fsm_mode.o
 .debug_macro   0x0000000000000c52      0x215 ./Core/Src/fsm_mode.o
 .debug_macro   0x0000000000000e67       0x2e ./Core/Src/fsm_mode.o
 .debug_macro   0x0000000000000e95       0x22 ./Core/Src/fsm_mode.o
 .debug_macro   0x0000000000000eb7       0x22 ./Core/Src/fsm_mode.o
 .debug_macro   0x0000000000000ed9       0x8e ./Core/Src/fsm_mode.o
 .debug_macro   0x0000000000000f67       0x51 ./Core/Src/fsm_mode.o
 .debug_macro   0x0000000000000fb8      0x103 ./Core/Src/fsm_mode.o
 .debug_macro   0x00000000000010bb       0x6a ./Core/Src/fsm_mode.o
 .debug_macro   0x0000000000001125      0x1df ./Core/Src/fsm_mode.o
 .debug_macro   0x0000000000001304       0x1c ./Core/Src/fsm_mode.o
 .debug_macro   0x0000000000001320       0x22 ./Core/Src/fsm_mode.o
 .debug_macro   0x0000000000001342       0xbd ./Core/Src/fsm_mode.o
 .debug_macro   0x00000000000013ff      0xd23 ./Core/Src/fsm_mode.o
 .debug_macro   0x0000000000002122     0xde75 ./Core/Src/fsm_mode.o
 .debug_macro   0x000000000000ff97       0x6d ./Core/Src/fsm_mode.o
 .debug_macro   0x0000000000010004     0x3468 ./Core/Src/fsm_mode.o
 .debug_macro   0x000000000001346c      0x174 ./Core/Src/fsm_mode.o
 .debug_macro   0x00000000000135e0       0x5c ./Core/Src/fsm_mode.o
 .debug_macro   0x000000000001363c      0x5be ./Core/Src/fsm_mode.o
 .debug_macro   0x0000000000013bfa      0x1b7 ./Core/Src/fsm_mode.o
 .debug_macro   0x0000000000013db1      0x1cb ./Core/Src/fsm_mode.o
 .debug_macro   0x0000000000013f7c      0x114 ./Core/Src/fsm_mode.o
 .debug_macro   0x0000000000014090      0x1b2 ./Core/Src/fsm_mode.o
 .debug_macro   0x0000000000014242       0x27 ./Core/Src/fsm_mode.o
 .debug_macro   0x0000000000014269      0x12f ./Core/Src/fsm_mode.o
 .debug_macro   0x0000000000014398      0x1bc ./Core/Src/fsm_mode.o
 .debug_macro   0x0000000000014554       0x34 ./Core/Src/fsm_mode.o
 .debug_macro   0x0000000000014588       0x3c ./Core/Src/fsm_mode.o
 .debug_macro   0x00000000000145c4       0x57 ./Core/Src/fsm_mode.o
 .debug_macro   0x000000000001461b       0x88 ./Core/Src/fsm_mode.o
 .debug_macro   0x00000000000146a3      0x183 ./Core/Src/fsm_mode.o
 .debug_macro   0x0000000000014826      0x141 ./Core/Src/fsm_mode.o
 .debug_macro   0x0000000000014967      0x8d1 ./Core/Src/fsm_mode.o
 .debug_macro   0x0000000000015238       0x69 ./Core/Src/fsm_mode.o
 .debug_macro   0x00000000000152a1       0xf4 ./Core/Src/fsm_mode.o
 .debug_macro   0x0000000000015395       0x16 ./Core/Src/fsm_mode.o
 .debug_macro   0x00000000000153ab       0x16 ./Core/Src/fsm_mode.o
 .debug_macro   0x00000000000153c1       0x2e ./Core/Src/fsm_mode.o
 .debug_macro   0x00000000000153ef       0x72 ./Core/Src/global.o
 .debug_macro   0x0000000000015461       0x28 ./Core/Src/global.o
 .debug_macro   0x0000000000015489      0x1c2 ./Core/Src/input_reading.o
 .debug_macro   0x000000000001564b       0x10 ./Core/Src/input_reading.o
 .debug_macro   0x000000000001565b      0x1b6 ./Core/Src/led_7_seg.o
 .debug_macro   0x0000000000015811       0x10 ./Core/Src/led_7_seg.o
 .debug_macro   0x0000000000015821      0x204 ./Core/Src/main.o
 .debug_macro   0x0000000000015a25      0x1a7 ./Core/Src/stm32f1xx_hal_msp.o
 .debug_macro   0x0000000000015bcc      0x1b1 ./Core/Src/stm32f1xx_it.o
 .debug_macro   0x0000000000015d7d      0x198 ./Core/Src/system_stm32f1xx.o
 .debug_macro   0x0000000000015f15      0x1ba ./Core/Src/timer.o
 .debug_macro   0x00000000000160cf      0x1dc ./Core/Src/traffic_led_control.o
 .debug_macro   0x00000000000162ab      0x1bc ./Drivers/STM32F1xx_HAL_Driver/Src/stm32f1xx_hal.o
 .debug_macro   0x0000000000016467      0x198 ./Drivers/STM32F1xx_HAL_Driver/Src/stm32f1xx_hal_cortex.o
 .debug_macro   0x00000000000165ff      0x203 ./Drivers/STM32F1xx_HAL_Driver/Src/stm32f1xx_hal_gpio.o
 .debug_macro   0x0000000000016802      0x1aa ./Drivers/STM32F1xx_HAL_Driver/Src/stm32f1xx_hal_rcc.o
 .debug_macro   0x00000000000169ac      0x199 ./Drivers/STM32F1xx_HAL_Driver/Src/stm32f1xx_hal_tim.o
 .debug_macro   0x0000000000016b45      0x198 ./Drivers/STM32F1xx_HAL_Driver/Src/stm32f1xx_hal_tim_ex.o

.debug_line     0x0000000000000000     0xbd67
 .debug_line    0x0000000000000000      0x81b ./Core/Src/fsm_mode.o
 .debug_line    0x000000000000081b      0x39d ./Core/Src/global.o
 .debug_line    0x0000000000000bb8      0x73a ./Core/Src/input_reading.o
 .debug_line    0x00000000000012f2      0x719 ./Core/Src/led_7_seg.o
 .debug_line    0x0000000000001a0b      0x842 ./Core/Src/main.o
 .debug_line    0x000000000000224d      0x6b0 ./Core/Src/stm32f1xx_hal_msp.o
 .debug_line    0x00000000000028fd      0x750 ./Core/Src/stm32f1xx_it.o
 .debug_line    0x000000000000304d      0x6f4 ./Core/Src/system_stm32f1xx.o
 .debug_line    0x0000000000003741      0x7b2 ./Core/Src/timer.o
 .debug_line    0x0000000000003ef3      0x84d ./Core/Src/traffic_led_control.o
 .debug_line    0x0000000000004740       0x87 ./Core/Startup/startup_stm32f103c6ux.o
 .debug_line    0x00000000000047c7      0x921 ./Drivers/STM32F1xx_HAL_Driver/Src/stm32f1xx_hal.o
 .debug_line    0x00000000000050e8      0xb09 ./Drivers/STM32F1xx_HAL_Driver/Src/stm32f1xx_hal_cortex.o
 .debug_line    0x0000000000005bf1      0x9a3 ./Drivers/STM32F1xx_HAL_Driver/Src/stm32f1xx_hal_gpio.o
 .debug_line    0x0000000000006594      0xd2f ./Drivers/STM32F1xx_HAL_Driver/Src/stm32f1xx_hal_rcc.o
 .debug_line    0x00000000000072c3     0x328d ./Drivers/STM32F1xx_HAL_Driver/Src/stm32f1xx_hal_tim.o
 .debug_line    0x000000000000a550     0x1817 ./Drivers/STM32F1xx_HAL_Driver/Src/stm32f1xx_hal_tim_ex.o

.debug_str      0x0000000000000000    0x82286
 .debug_str     0x0000000000000000    0x7f4cf ./Core/Src/fsm_mode.o
                                      0x7f80d (size before relaxing)
 .debug_str     0x000000000007f4cf       0x15 ./Core/Src/global.o
                                       0x3bf0 (size before relaxing)
 .debug_str     0x000000000007f4e4      0x14e ./Core/Src/input_reading.o
                                      0x7f79e (size before relaxing)
 .debug_str     0x000000000007f632       0x66 ./Core/Src/led_7_seg.o
                                      0x7f6eb (size before relaxing)
 .debug_str     0x000000000007f698      0x811 ./Core/Src/main.o
                                      0x80058 (size before relaxing)
 .debug_str     0x000000000007fea9      0x2d2 ./Core/Src/stm32f1xx_hal_msp.o
                                      0x7fe08 (size before relaxing)
 .debug_str     0x000000000008017b       0xec ./Core/Src/stm32f1xx_it.o
                                      0x7fb71 (size before relaxing)
 .debug_str     0x0000000000080267       0x7e ./Core/Src/system_stm32f1xx.o
                                      0x7f34d (size before relaxing)
 .debug_str     0x00000000000802e5       0xd0 ./Core/Src/timer.o
                                      0x7fc35 (size before relaxing)
 .debug_str     0x00000000000803b5       0xed ./Core/Src/traffic_led_control.o
                                      0x7f8b9 (size before relaxing)
 .debug_str     0x00000000000804a2       0x36 ./Core/Startup/startup_stm32f103c6ux.o
                                         0x4b (size before relaxing)
 .debug_str     0x00000000000804d8      0x38e ./Drivers/STM32F1xx_HAL_Driver/Src/stm32f1xx_hal.o
                                      0x7fa46 (size before relaxing)
 .debug_str     0x0000000000080866      0x29e ./Drivers/STM32F1xx_HAL_Driver/Src/stm32f1xx_hal_cortex.o
                                      0x7f992 (size before relaxing)
 .debug_str     0x0000000000080b04      0x2f6 ./Drivers/STM32F1xx_HAL_Driver/Src/stm32f1xx_hal_gpio.o
                                      0x7f6d3 (size before relaxing)
 .debug_str     0x0000000000080dfa      0x229 ./Drivers/STM32F1xx_HAL_Driver/Src/stm32f1xx_hal_rcc.o
                                      0x7f77c (size before relaxing)
 .debug_str     0x0000000000081023      0xdd0 ./Drivers/STM32F1xx_HAL_Driver/Src/stm32f1xx_hal_tim.o
                                      0x80767 (size before relaxing)
 .debug_str     0x0000000000081df3      0x493 ./Drivers/STM32F1xx_HAL_Driver/Src/stm32f1xx_hal_tim_ex.o
                                      0x7ff83 (size before relaxing)

.comment        0x0000000000000000       0x50
 .comment       0x0000000000000000       0x50 ./Core/Src/fsm_mode.o
                                         0x51 (size before relaxing)
 .comment       0x0000000000000050       0x51 ./Core/Src/global.o
 .comment       0x0000000000000050       0x51 ./Core/Src/input_reading.o
 .comment       0x0000000000000050       0x51 ./Core/Src/led_7_seg.o
 .comment       0x0000000000000050       0x51 ./Core/Src/main.o
 .comment       0x0000000000000050       0x51 ./Core/Src/stm32f1xx_hal_msp.o
 .comment       0x0000000000000050       0x51 ./Core/Src/stm32f1xx_it.o
 .comment       0x0000000000000050       0x51 ./Core/Src/system_stm32f1xx.o
 .comment       0x0000000000000050       0x51 ./Core/Src/timer.o
 .comment       0x0000000000000050       0x51 ./Core/Src/traffic_led_control.o
 .comment       0x0000000000000050       0x51 ./Drivers/STM32F1xx_HAL_Driver/Src/stm32f1xx_hal.o
 .comment       0x0000000000000050       0x51 ./Drivers/STM32F1xx_HAL_Driver/Src/stm32f1xx_hal_cortex.o
 .comment       0x0000000000000050       0x51 ./Drivers/STM32F1xx_HAL_Driver/Src/stm32f1xx_hal_gpio.o
 .comment       0x0000000000000050       0x51 ./Drivers/STM32F1xx_HAL_Driver/Src/stm32f1xx_hal_rcc.o
 .comment       0x0000000000000050       0x51 ./Drivers/STM32F1xx_HAL_Driver/Src/stm32f1xx_hal_tim.o
 .comment       0x0000000000000050       0x51 ./Drivers/STM32F1xx_HAL_Driver/Src/stm32f1xx_hal_tim_ex.o

.debug_frame    0x0000000000000000     0x2a84
 .debug_frame   0x0000000000000000       0xcc ./Core/Src/fsm_mode.o
 .debug_frame   0x00000000000000cc       0x88 ./Core/Src/input_reading.o
 .debug_frame   0x0000000000000154       0xa4 ./Core/Src/led_7_seg.o
 .debug_frame   0x00000000000001f8       0xb4 ./Core/Src/main.o
 .debug_frame   0x00000000000002ac       0x80 ./Core/Src/stm32f1xx_hal_msp.o
 .debug_frame   0x000000000000032c      0x120 ./Core/Src/stm32f1xx_it.o
 .debug_frame   0x000000000000044c       0x58 ./Core/Src/system_stm32f1xx.o
 .debug_frame   0x00000000000004a4      0x174 ./Core/Src/timer.o
 .debug_frame   0x0000000000000618      0x16c ./Core/Src/traffic_led_control.o
 .debug_frame   0x0000000000000784      0x334 ./Drivers/STM32F1xx_HAL_Driver/Src/stm32f1xx_hal.o
 .debug_frame   0x0000000000000ab8      0x428 ./Drivers/STM32F1xx_HAL_Driver/Src/stm32f1xx_hal_cortex.o
 .debug_frame   0x0000000000000ee0      0x14c ./Drivers/STM32F1xx_HAL_Driver/Src/stm32f1xx_hal_gpio.o
 .debug_frame   0x000000000000102c      0x21c ./Drivers/STM32F1xx_HAL_Driver/Src/stm32f1xx_hal_rcc.o
 .debug_frame   0x0000000000001248     0x11b8 ./Drivers/STM32F1xx_HAL_Driver/Src/stm32f1xx_hal_tim.o
 .debug_frame   0x0000000000002400      0x638 ./Drivers/STM32F1xx_HAL_Driver/Src/stm32f1xx_hal_tim_ex.o
 .debug_frame   0x0000000000002a38       0x2c f:/stm32_ide/stm32cubeide_1.10.1/stm32cubeide/plugins/com.st.stm32cube.ide.mcu.externaltools.gnu-tools-for-stm32.10.3-2021.10.win32_1.0.0.202111181127/tools/bin/../lib/gcc/arm-none-eabi/10.3.1/../../../../arm-none-eabi/lib/thumb/v7-m/nofp\libc_nano.a(lib_a-init.o)
 .debug_frame   0x0000000000002a64       0x20 f:/stm32_ide/stm32cubeide_1.10.1/stm32cubeide/plugins/com.st.stm32cube.ide.mcu.externaltools.gnu-tools-for-stm32.10.3-2021.10.win32_1.0.0.202111181127/tools/bin/../lib/gcc/arm-none-eabi/10.3.1/../../../../arm-none-eabi/lib/thumb/v7-m/nofp\libc_nano.a(lib_a-memset.o)
